/afs/tu-chemnitz.de/home/urz/e/eriks/PRIVAT/HiWi_SSE/Masterarbeit/work/implementation/system.ngc 1340638766
/afs/tu-chemnitz.de/home/urz/e/eriks/PRIVAT/HiWi_SSE/Masterarbeit/work/implementation/push_buttons_4bits_wrapper.ngc 1340638646
/afs/tu-chemnitz.de/home/urz/e/eriks/PRIVAT/HiWi_SSE/Masterarbeit/work/implementation/ethernet_lite_wrapper.ngc 1340638646
/afs/tu-chemnitz.de/home/urz/e/eriks/PRIVAT/HiWi_SSE/Masterarbeit/work/implementation/rs232_uart_1_wrapper.ngc 1340638646
/afs/tu-chemnitz.de/home/urz/e/eriks/PRIVAT/HiWi_SSE/Masterarbeit/work/implementation/clock_generator_0_wrapper.ngc 1340638717
/afs/tu-chemnitz.de/home/urz/e/eriks/PRIVAT/HiWi_SSE/Masterarbeit/work/implementation/proc_sys_reset_0_wrapper.ngc 1340638646
/afs/tu-chemnitz.de/home/urz/e/eriks/PRIVAT/HiWi_SSE/Masterarbeit/work/implementation/microblaze_0_wrapper.ngc 1340638711
/afs/tu-chemnitz.de/home/urz/e/eriks/PRIVAT/HiWi_SSE/Masterarbeit/work/implementation/mb_plb_wrapper.ngc 1340638646
/afs/tu-chemnitz.de/home/urz/e/eriks/PRIVAT/HiWi_SSE/Masterarbeit/work/implementation/ilmb_wrapper.ngc 1340638646
/afs/tu-chemnitz.de/home/urz/e/eriks/PRIVAT/HiWi_SSE/Masterarbeit/work/implementation/dlmb_wrapper.ngc 1340638646
/afs/tu-chemnitz.de/home/urz/e/eriks/PRIVAT/HiWi_SSE/Masterarbeit/work/implementation/dlmb_cntlr_wrapper.ngc 1340638646
/afs/tu-chemnitz.de/home/urz/e/eriks/PRIVAT/HiWi_SSE/Masterarbeit/work/implementation/ilmb_cntlr_wrapper.ngc 1340638646
/afs/tu-chemnitz.de/home/urz/e/eriks/PRIVAT/HiWi_SSE/Masterarbeit/work/implementation/leds_8bits_wrapper.ngc 1340638646
/afs/tu-chemnitz.de/home/urz/e/eriks/PRIVAT/HiWi_SSE/Masterarbeit/work/implementation/micron_ram_wrapper.ngc 1340638646
/afs/tu-chemnitz.de/home/urz/e/eriks/PRIVAT/HiWi_SSE/Masterarbeit/work/implementation/numonyx_pcm_wrapper.ngc 1340638646
/afs/tu-chemnitz.de/home/urz/e/eriks/PRIVAT/HiWi_SSE/Masterarbeit/work/implementation/digilent_quadspi_cntlr_wrapper.ngc 1340638646
/afs/tu-chemnitz.de/home/urz/e/eriks/PRIVAT/HiWi_SSE/Masterarbeit/work/implementation/digilent_sevseg_disp_wrapper.ngc 1340638646
/afs/tu-chemnitz.de/home/urz/e/eriks/PRIVAT/HiWi_SSE/Masterarbeit/work/implementation/mdm_0_wrapper.ngc 1340638646
/afs/tu-chemnitz.de/home/urz/e/eriks/PRIVAT/HiWi_SSE/Masterarbeit/work/implementation/xps_intc_0_wrapper.ngc 1340638646
/afs/tu-chemnitz.de/home/urz/e/eriks/PRIVAT/HiWi_SSE/Masterarbeit/work/implementation/xps_timer_0_wrapper.ngc 1340638646
/afs/tu-chemnitz.de/home/urz/e/eriks/PRIVAT/HiWi_SSE/Masterarbeit/work/implementation/lmb_bram_wrapper.ngc 1340638646
/afs/tu-chemnitz.de/home/urz/e/eriks/PRIVAT/HiWi_SSE/Masterarbeit/work/implementation/mem_bus_mux_0_wrapper.ngc 1340638646
OK
